[0m11:23:12.544548 [debug] [MainThread]: Sending event: {'category': 'dbt', 'action': 'invocation', 'label': 'start', 'context': [<snowplow_tracker.self_describing_json.SelfDescribingJson object at 0x110c626c0>, <snowplow_tracker.self_describing_json.SelfDescribingJson object at 0x110e84800>, <snowplow_tracker.self_describing_json.SelfDescribingJson object at 0x110e84410>]}


============================== 11:23:12.547283 | 75cb9884-91a7-4441-8fe5-e0293b9d9352 ==============================
[0m11:23:12.547283 [info ] [MainThread]: Running with dbt=1.12.5
[0m11:23:12.547592 [debug] [MainThread]: running dbt with arguments {'hints_enabled': 'True', 'printer_width': '80', 'introspect': 'True', 'target_path': 'None', 'log_path': '/Users/eugenekomissarov/Documents/localsource/bucky/dbt_bucketization/logs', 'log_format': 'default', 'version_check': 'True', 'quiet': 'False', 'indirect_selection': 'eager', 'static_parser': 'True', 'invocation_command': 'dbt debug', 'debug': 'False', 'send_anonymous_usage_stats': 'True', 'fail_fast': 'False', 'partial_parse': 'True', 'warn_error_options': 'WarnErrorOptionsV2(error=[], warn=[], silence=[])', 'log_cache_events': 'False', 'profiles_dir': '/Users/eugenekomissarov/.dbt', 'write_json': 'True', 'warn_error': 'None', 'empty': 'None', 'use_experimental_parser': 'False', 'maximum_seed_size_mib': '1', 'cache_selected_only': 'False', 'no_print': 'None', 'use_colors': 'True'}
[0m11:23:12.556275 [info ] [MainThread]: dbt version: 1.12.5
[0m11:23:12.556480 [info ] [MainThread]: python version: 3.12.1
[0m11:23:12.556628 [info ] [MainThread]: python path: /Users/eugenekomissarov/Documents/localsource/bucky/.venv/bin/python
[0m11:23:12.556769 [info ] [MainThread]: os info: macOS-26.6.2-arm64-arm-64bit
[0m11:23:12.689680 [info ] [MainThread]: Using profiles dir at /Users/eugenekomissarov/.dbt
[0m11:23:12.689946 [info ] [MainThread]: Using profiles.yml file at /Users/eugenekomissarov/.dbt/profiles.yml
[0m11:23:12.690104 [info ] [MainThread]: Using dbt_project.yml file at /Users/eugenekomissarov/Documents/localsource/bucky/dbt_bucketization/dbt_project.yml
[0m11:23:12.691086 [info ] [MainThread]: adapter type: duckdb
[0m11:23:12.691239 [info ] [MainThread]: adapter version: 1.11.0
[0m11:23:12.740238 [info ] [MainThread]: Configuration:
[0m11:23:12.740525 [info ] [MainThread]:   profiles.yml file [[32mOK found and valid[0m]
[0m11:23:12.740704 [info ] [MainThread]:   dbt_project.yml file [[32mOK found and valid[0m]
[0m11:23:12.740849 [info ] [MainThread]: Required dependencies:
[0m11:23:12.741047 [debug] [MainThread]: Executing "git --help"
[0m11:23:12.759830 [debug] [MainThread]: STDOUT: "b"usage: git [-v | --version] [-h | --help] [-C <path>] [-c <name>=<value>]\n           [--exec-path[=<path>]] [--html-path] [--man-path] [--info-path]\n           [-p | --paginate | -P | --no-pager] [--no-replace-objects] [--no-lazy-fetch]\n           [--no-optional-locks] [--no-advice] [--bare] [--git-dir=<path>]\n           [--work-tree=<path>] [--namespace=<name>] [--config-env=<name>=<envvar>]\n           <command> [<args>]\n\nThese are common Git commands used in various situations:\n\nstart a working area (see also: git help tutorial)\n   clone      Clone a repository into a new directory\n   init       Create an empty Git repository or reinitialize an existing one\n\nwork on the current change (see also: git help everyday)\n   add        Add file contents to the index\n   mv         Move or rename a file, a directory, or a symlink\n   restore    Restore working tree files\n   rm         Remove files from the working tree and from the index\n\nexamine the history and state (see also: git help revisions)\n   bisect     Use binary search to find the commit that introduced a bug\n   diff       Show changes between commits, commit and working tree, etc\n   grep       Print lines matching a pattern\n   log        Show commit logs\n   show       Show various types of objects\n   status     Show the working tree status\n\ngrow, mark and tweak your common history\n   backfill   Download missing objects in a partial clone\n   branch     List, create, or delete branches\n   commit     Record changes to the repository\n   history    EXPERIMENTAL: Rewrite history\n   merge      Join two or more development histories together\n   rebase     Reapply commits on top of another base tip\n   reset      Set `HEAD` or the index to a known state\n   switch     Switch branches\n   tag        Create, list, delete or verify tags\n\ncollaborate (see also: git help workflows)\n   fetch      Download objects and refs from another repository\n   pull       Fetch from and integrate with another repository or a local branch\n   push       Update remote refs along with associated objects\n\n'git help -a' and 'git help -g' list available subcommands and some\nconcept guides. See 'git help <command>' or 'git help <concept>'\nto read about a specific subcommand or concept.\nSee 'git help git' for an overview of the system.\n""
[0m11:23:12.760404 [debug] [MainThread]: STDERR: "b''"
[0m11:23:12.760597 [info ] [MainThread]:  - git [[32mOK found[0m]

[0m11:23:12.760765 [info ] [MainThread]: Connection:
[0m11:23:12.760955 [info ] [MainThread]:   database: ab_events
[0m11:23:12.761132 [info ] [MainThread]:   schema: main
[0m11:23:12.761264 [info ] [MainThread]:   path: /Users/eugenekomissarov/Documents/localsource/bucky/data/ab_events.duckdb
[0m11:23:12.761385 [info ] [MainThread]:   config_options: None
[0m11:23:12.761500 [info ] [MainThread]:   extensions: None
[0m11:23:12.761615 [info ] [MainThread]:   settings: {}
[0m11:23:12.761731 [info ] [MainThread]:   external_root: .
[0m11:23:12.761846 [info ] [MainThread]:   use_credential_provider: None
[0m11:23:12.761957 [info ] [MainThread]:   attach: None
[0m11:23:12.762147 [info ] [MainThread]:   filesystems: None
[0m11:23:12.762266 [info ] [MainThread]:   remote: None
[0m11:23:12.762386 [info ] [MainThread]:   plugins: None
[0m11:23:12.762910 [info ] [MainThread]:   disable_transactions: False
[0m11:23:12.763409 [info ] [MainThread]: Registered adapter: duckdb=1.11.0
[0m11:23:12.827196 [debug] [MainThread]: Acquiring new duckdb connection 'debug'
[0m11:23:12.858787 [debug] [MainThread]: Using duckdb connection "debug"
[0m11:23:12.858988 [debug] [MainThread]: On debug: select 1 as id
[0m11:23:12.859153 [debug] [MainThread]: Opening a new connection, currently in state init
[0m11:23:12.874064 [debug] [MainThread]: SQL status: OK in 0.015 seconds
[0m11:23:12.874544 [debug] [MainThread]: On debug: Close
[0m11:23:12.874910 [info ] [MainThread]:   Connection test: [[32mOK connection ok[0m]

[0m11:23:12.875115 [info ] [MainThread]: [32mAll checks passed![0m
[0m11:23:12.877089 [debug] [MainThread]: Resource report: {"command_name": "debug", "command_success": true, "command_wall_clock_time": 0.3798526, "process_in_blocks": "0", "process_kernel_time": 0.206675, "process_mem_max_rss": "147013632", "process_out_blocks": "0", "process_user_time": 0.843604}
[0m11:23:12.877347 [debug] [MainThread]: Command `dbt debug` succeeded at 11:23:12.877301 after 0.38 seconds
[0m11:23:12.877507 [debug] [MainThread]: Connection 'debug' was properly closed.
[0m11:23:12.877674 [debug] [MainThread]: Sending event: {'category': 'dbt', 'action': 'invocation', 'label': 'end', 'context': [<snowplow_tracker.self_describing_json.SelfDescribingJson object at 0x110de5340>, <snowplow_tracker.self_describing_json.SelfDescribingJson object at 0x10779ea50>, <snowplow_tracker.self_describing_json.SelfDescribingJson object at 0x111b2e4e0>]}
[0m11:23:12.877888 [debug] [MainThread]: Flushing usage events
[0m11:23:14.127032 [debug] [MainThread]: An error was encountered while trying to flush usage events
